I'm sorry, but errors were detected in your script. Please correct the
errors listed below, and try again.


File "game/script.rpy", line 23: expected statement.
    "Взгляд его был пустым и тяжелым, будто залитым свинцом."R
                                    ^

Ren'Py Version: Ren'Py 8.5.0.25103002+nightly
Sat Nov  1 15:10:05 2025
